main.c:98:5:main	24	static
main.c:189:6:SystemClock_Config	88	static
main.c:234:13:MX_I2C1_Init	8	static
main.c:268:13:MX_TIM5_Init	48	static
main.c:326:13:MX_USART2_UART_Init	8	static
main.c:359:13:MX_GPIO_Init	48	static
main.c:388:6:HAL_TIM_PeriodElapsedCallback	24	static
main.c:396:10:micros	12	static
main.c:401:6:EEPROMWriteExample	24	static
main.c:411:6:EEPROMReadExample	24	static
main.c:418:6:IOExpenderInit	24	static
main.c:426:6:IOExpenderReadPinA	24	static
main.c:432:6:IOExpenderWritePinB	24	static
main.c:446:6:Error_Handler	4	static,ignoring_inline_asm
