main.c:98:5:main	24	static
main.c:184:6:SystemClock_Config	88	static
main.c:229:13:MX_I2C1_Init	8	static
main.c:263:13:MX_TIM5_Init	48	static
main.c:321:13:MX_USART2_UART_Init	8	static
main.c:354:13:MX_GPIO_Init	48	static
main.c:383:6:HAL_TIM_PeriodElapsedCallback	24	static
main.c:391:10:micros	12	static
main.c:396:6:EEPROMWriteExample	24	static
main.c:406:6:EEPROMReadExample	24	static
main.c:413:6:IOExpenderInit	24	static
main.c:421:6:IOExpenderReadPinA	24	static
main.c:427:6:IOExpenderWritePinB	24	static
main.c:441:6:Error_Handler	4	static,ignoring_inline_asm
